// Jest Snapshot v1, https://goo.gl/fbAQLP

exports[`App Component Matches DOM snapshot 1`] = `
<div
  className="App"
>
  <header
    className="App-header"
  >
    <img
      alt="logo"
      className="App-logo"
      src="logo.svg"
    />
    <h1
      className="App-title"
    >
      Lord of the Rings Character Index
    </h1>
  </header>
  <section
    className="App-content"
  >
    <Layout>
      <CharacterList />
    </Layout>
  </section>
</div>
`;
