// Jest Snapshot v1, https://goo.gl/fbAQLP

exports[`Layout component renders correctly with children 1`] = `
<div
  className="Layout-container"
>
  <div>
    child div
  </div>
</div>
`;
